Triggered at Sat Jul 11 13:49:10 UTC 2026
Triggered at Sat Jul 11 14:37:17 UTC 2026
Triggered at Sat Jul 11 15:39:05 UTC 2026
Triggered at Sat Jul 11 16:29:43 UTC 2026
Triggered at Sat Jul 11 17:31:01 UTC 2026
Triggered at Sat Jul 11 18:29:01 UTC 2026
Triggered at Sat Jul 11 19:42:33 UTC 2026
Triggered at Sat Jul 11 20:28:52 UTC 2026
Triggered at Sat Jul 11 21:23:26 UTC 2026
Triggered at Sat Jul 11 22:11:03 UTC 2026
Triggered at Sat Jul 11 23:09:11 UTC 2026
Triggered at Sun Jul 12 00:08:22 UTC 2026
Triggered at Sun Jul 12 03:52:03 UTC 2026
Triggered at Sun Jul 12 06:22:52 UTC 2026
Triggered at Sun Jul 12 08:34:30 UTC 2026
Triggered at Sun Jul 12 10:12:14 UTC 2026
Triggered at Sun Jul 12 11:28:59 UTC 2026
Triggered at Sun Jul 12 12:28:45 UTC 2026
Triggered at Sun Jul 12 14:04:16 UTC 2026
Triggered at Sun Jul 12 15:08:25 UTC 2026
Triggered at Sun Jul 12 16:08:47 UTC 2026
Triggered at Sun Jul 12 17:14:11 UTC 2026
Triggered at Sun Jul 12 18:09:25 UTC 2026
Triggered at Sun Jul 12 19:22:07 UTC 2026
Triggered at Sun Jul 12 20:11:34 UTC 2026
Triggered at Sun Jul 12 21:05:51 UTC 2026
Triggered at Sun Jul 12 22:03:44 UTC 2026
Triggered at Sun Jul 12 23:01:23 UTC 2026
Triggered at Mon Jul 13 00:02:44 UTC 2026
Triggered at Mon Jul 13 03:48:55 UTC 2026
Triggered at Mon Jul 13 06:40:50 UTC 2026
Triggered at Mon Jul 13 09:58:02 UTC 2026
Triggered at Mon Jul 13 12:32:05 UTC 2026
Triggered at Mon Jul 13 15:26:13 UTC 2026
Triggered at Mon Jul 13 17:28:11 UTC 2026
Triggered at Mon Jul 13 18:55:34 UTC 2026
Triggered at Mon Jul 13 20:08:25 UTC 2026
Triggered at Mon Jul 13 21:11:10 UTC 2026
Triggered at Mon Jul 13 22:08:32 UTC 2026
Triggered at Mon Jul 13 23:10:09 UTC 2026
Triggered at Tue Jul 14 00:05:19 UTC 2026
Triggered at Tue Jul 14 03:26:51 UTC 2026
Triggered at Tue Jul 14 05:51:10 UTC 2026
Triggered at Tue Jul 14 07:30:16 UTC 2026
Triggered at Tue Jul 14 09:26:53 UTC 2026
Triggered at Tue Jul 14 11:06:01 UTC 2026
Triggered at Tue Jul 14 12:20:39 UTC 2026
Triggered at Tue Jul 14 14:18:43 UTC 2026
Triggered at Tue Jul 14 15:51:11 UTC 2026
Triggered at Tue Jul 14 16:57:01 UTC 2026
Triggered at Tue Jul 14 18:00:39 UTC 2026
Triggered at Tue Jul 14 19:37:18 UTC 2026
Triggered at Tue Jul 14 20:41:28 UTC 2026
Triggered at Tue Jul 14 21:37:05 UTC 2026
Triggered at Tue Jul 14 22:35:43 UTC 2026
Triggered at Tue Jul 14 23:28:48 UTC 2026
Triggered at Wed Jul 15 00:51:09 UTC 2026
Triggered at Wed Jul 15 03:49:51 UTC 2026
Triggered at Wed Jul 15 06:02:32 UTC 2026
Triggered at Wed Jul 15 08:29:54 UTC 2026
Triggered at Wed Jul 15 10:22:10 UTC 2026
Triggered at Wed Jul 15 11:54:16 UTC 2026
Triggered at Wed Jul 15 13:11:43 UTC 2026
Triggered at Wed Jul 15 15:01:29 UTC 2026
Triggered at Wed Jul 15 16:39:53 UTC 2026
Triggered at Wed Jul 15 17:51:57 UTC 2026
Triggered at Wed Jul 15 18:48:37 UTC 2026
Triggered at Wed Jul 15 19:56:07 UTC 2026
Triggered at Wed Jul 15 20:55:18 UTC 2026
Triggered at Wed Jul 15 21:52:04 UTC 2026
Triggered at Wed Jul 15 22:43:59 UTC 2026
Triggered at Wed Jul 15 23:41:38 UTC 2026
Triggered at Thu Jul 16 01:07:08 UTC 2026
Triggered at Thu Jul 16 04:21:18 UTC 2026
Triggered at Thu Jul 16 06:37:15 UTC 2026
Triggered at Thu Jul 16 08:58:30 UTC 2026
Triggered at Thu Jul 16 11:01:46 UTC 2026
Triggered at Thu Jul 16 12:26:40 UTC 2026
Triggered at Thu Jul 16 14:31:56 UTC 2026
Triggered at Thu Jul 16 16:00:22 UTC 2026
Triggered at Thu Jul 16 17:25:28 UTC 2026
Triggered at Thu Jul 16 18:38:18 UTC 2026
Triggered at Thu Jul 16 19:44:45 UTC 2026
Triggered at Thu Jul 16 20:35:39 UTC 2026
Triggered at Thu Jul 16 21:40:51 UTC 2026
Triggered at Thu Jul 16 22:37:19 UTC 2026
Triggered at Thu Jul 16 23:33:11 UTC 2026
Triggered at Fri Jul 17 01:06:19 UTC 2026
Triggered at Fri Jul 17 04:18:59 UTC 2026
Triggered at Fri Jul 17 06:31:21 UTC 2026
Triggered at Fri Jul 17 08:37:26 UTC 2026
Triggered at Fri Jul 17 10:23:34 UTC 2026
Triggered at Fri Jul 17 11:47:39 UTC 2026
Triggered at Fri Jul 17 12:50:30 UTC 2026
Triggered at Fri Jul 17 14:21:12 UTC 2026
Triggered at Fri Jul 17 15:49:34 UTC 2026
Triggered at Fri Jul 17 16:53:34 UTC 2026
Triggered at Fri Jul 17 17:55:31 UTC 2026
Triggered at Fri Jul 17 18:58:09 UTC 2026
Triggered at Fri Jul 17 20:05:40 UTC 2026
Triggered at Fri Jul 17 21:05:09 UTC 2026
Triggered at Fri Jul 17 22:02:40 UTC 2026
Triggered at Fri Jul 17 22:58:21 UTC 2026
Triggered at Fri Jul 17 23:53:49 UTC 2026
Triggered at Sat Jul 18 01:20:28 UTC 2026
Triggered at Sat Jul 18 04:16:46 UTC 2026
Triggered at Sat Jul 18 06:22:02 UTC 2026
Triggered at Sat Jul 18 08:13:24 UTC 2026
Triggered at Sat Jul 18 09:44:53 UTC 2026
Triggered at Sat Jul 18 10:49:37 UTC 2026
Triggered at Sat Jul 18 11:39:29 UTC 2026
Triggered at Sat Jul 18 12:36:27 UTC 2026
Triggered at Sat Jul 18 14:04:18 UTC 2026
Triggered at Sat Jul 18 15:06:56 UTC 2026
Triggered at Sat Jul 18 16:06:56 UTC 2026
Triggered at Sat Jul 18 17:09:02 UTC 2026
Triggered at Sat Jul 18 18:04:55 UTC 2026
Triggered at Sat Jul 18 19:19:21 UTC 2026
Triggered at Sat Jul 18 20:08:53 UTC 2026
Triggered at Sat Jul 18 21:03:03 UTC 2026
Triggered at Sat Jul 18 21:58:56 UTC 2026
Triggered at Sat Jul 18 22:53:02 UTC 2026
Triggered at Sat Jul 18 23:39:01 UTC 2026
Triggered at Sun Jul 19 01:08:47 UTC 2026
Triggered at Sun Jul 19 04:31:54 UTC 2026
Triggered at Sun Jul 19 07:08:24 UTC 2026
Triggered at Sun Jul 19 09:14:46 UTC 2026
Triggered at Sun Jul 19 10:44:09 UTC 2026
Triggered at Sun Jul 19 11:42:47 UTC 2026
Triggered at Sun Jul 19 12:36:54 UTC 2026
Triggered at Sun Jul 19 14:08:45 UTC 2026
Triggered at Sun Jul 19 15:12:00 UTC 2026
Triggered at Sun Jul 19 16:09:16 UTC 2026
Triggered at Sun Jul 19 17:13:05 UTC 2026
Triggered at Sun Jul 19 18:07:38 UTC 2026
Triggered at Sun Jul 19 19:22:06 UTC 2026
Triggered at Sun Jul 19 20:13:02 UTC 2026
Triggered at Sun Jul 19 21:07:16 UTC 2026
Triggered at Sun Jul 19 22:05:36 UTC 2026
Triggered at Sun Jul 19 23:05:06 UTC 2026
Triggered at Mon Jul 20 00:06:56 UTC 2026
Triggered at Mon Jul 20 03:58:08 UTC 2026
Triggered at Mon Jul 20 06:46:53 UTC 2026
Triggered at Mon Jul 20 09:46:44 UTC 2026
Triggered at Mon Jul 20 12:04:49 UTC 2026
Triggered at Mon Jul 20 14:29:19 UTC 2026
Triggered at Mon Jul 20 16:09:09 UTC 2026
Triggered at Mon Jul 20 18:16:24 UTC 2026
Triggered at Mon Jul 20 19:58:38 UTC 2026
Triggered at Mon Jul 20 21:13:18 UTC 2026
Triggered at Mon Jul 20 22:13:23 UTC 2026
Triggered at Mon Jul 20 23:14:45 UTC 2026
Triggered at Tue Jul 21 00:10:52 UTC 2026
Triggered at Tue Jul 21 03:42:53 UTC 2026
Triggered at Tue Jul 21 06:16:20 UTC 2026
Triggered at Tue Jul 21 08:48:20 UTC 2026
Triggered at Tue Jul 21 10:52:50 UTC 2026
Triggered at Tue Jul 21 12:16:00 UTC 2026
Triggered at Tue Jul 21 14:26:10 UTC 2026
Triggered at Tue Jul 21 16:00:11 UTC 2026
Triggered at Tue Jul 21 17:27:53 UTC 2026
Triggered at Tue Jul 21 18:49:26 UTC 2026
Triggered at Tue Jul 21 20:08:07 UTC 2026
Triggered at Tue Jul 21 21:30:58 UTC 2026
Triggered at Tue Jul 21 22:29:04 UTC 2026
Triggered at Tue Jul 21 23:29:30 UTC 2026
Triggered at Wed Jul 22 00:56:22 UTC 2026
Triggered at Wed Jul 22 04:14:06 UTC 2026
Triggered at Wed Jul 22 06:42:53 UTC 2026
Triggered at Wed Jul 22 09:15:10 UTC 2026
Triggered at Wed Jul 22 11:20:59 UTC 2026
Triggered at Wed Jul 22 12:51:00 UTC 2026
Triggered at Wed Jul 22 14:49:19 UTC 2026
Triggered at Wed Jul 22 16:09:37 UTC 2026
Triggered at Wed Jul 22 17:39:52 UTC 2026
Triggered at Wed Jul 22 18:46:18 UTC 2026
Triggered at Wed Jul 22 20:00:11 UTC 2026
Triggered at Wed Jul 22 21:15:28 UTC 2026
Triggered at Wed Jul 22 22:17:04 UTC 2026
Triggered at Wed Jul 22 23:17:47 UTC 2026
Triggered at Thu Jul 23 00:15:35 UTC 2026
Triggered at Thu Jul 23 03:47:12 UTC 2026
Triggered at Thu Jul 23 06:20:00 UTC 2026
Triggered at Thu Jul 23 09:03:00 UTC 2026
Triggered at Thu Jul 23 11:17:24 UTC 2026
Triggered at Thu Jul 23 12:51:03 UTC 2026
Triggered at Thu Jul 23 14:55:41 UTC 2026
Triggered at Thu Jul 23 16:22:28 UTC 2026
Triggered at Thu Jul 23 17:51:48 UTC 2026
Triggered at Thu Jul 23 18:53:35 UTC 2026
Triggered at Thu Jul 23 20:05:58 UTC 2026
Triggered at Thu Jul 23 21:18:15 UTC 2026
Triggered at Thu Jul 23 22:17:46 UTC 2026
Triggered at Thu Jul 23 23:14:43 UTC 2026
Triggered at Fri Jul 24 00:11:59 UTC 2026
Triggered at Fri Jul 24 03:42:55 UTC 2026
Triggered at Fri Jul 24 06:13:39 UTC 2026
Triggered at Fri Jul 24 08:42:53 UTC 2026
Triggered at Fri Jul 24 10:47:56 UTC 2026
Triggered at Fri Jul 24 12:08:03 UTC 2026
Triggered at Fri Jul 24 14:07:56 UTC 2026
Triggered at Fri Jul 24 15:41:50 UTC 2026
Triggered at Fri Jul 24 17:11:32 UTC 2026
Triggered at Fri Jul 24 18:45:16 UTC 2026
Triggered at Fri Jul 24 20:03:45 UTC 2026
Triggered at Fri Jul 24 21:15:45 UTC 2026
Triggered at Fri Jul 24 22:28:54 UTC 2026
Triggered at Fri Jul 24 23:33:31 UTC 2026
Triggered at Sat Jul 25 01:04:58 UTC 2026
Triggered at Sat Jul 25 04:20:29 UTC 2026
Triggered at Sat Jul 25 06:32:52 UTC 2026
Triggered at Sat Jul 25 08:32:53 UTC 2026
Triggered at Sat Jul 25 10:11:28 UTC 2026
Triggered at Sat Jul 25 11:32:48 UTC 2026
Triggered at Sat Jul 25 12:33:39 UTC 2026
Triggered at Sat Jul 25 14:13:07 UTC 2026
Triggered at Sat Jul 25 15:19:22 UTC 2026
Triggered at Sat Jul 25 16:14:37 UTC 2026
Triggered at Sat Jul 25 17:17:04 UTC 2026
Triggered at Sat Jul 25 18:10:46 UTC 2026
Triggered at Sat Jul 25 19:32:55 UTC 2026
Triggered at Sat Jul 25 20:28:43 UTC 2026
Triggered at Sat Jul 25 21:25:53 UTC 2026
Triggered at Sat Jul 25 22:25:02 UTC 2026
Triggered at Sat Jul 25 23:27:34 UTC 2026
Triggered at Sun Jul 26 01:06:26 UTC 2026
Triggered at Sun Jul 26 04:36:09 UTC 2026
Triggered at Sun Jul 26 07:14:58 UTC 2026
Triggered at Sun Jul 26 09:24:57 UTC 2026
Triggered at Sun Jul 26 10:57:16 UTC 2026
Triggered at Sun Jul 26 12:01:51 UTC 2026
Triggered at Sun Jul 26 13:47:09 UTC 2026
Triggered at Sun Jul 26 14:52:24 UTC 2026
Triggered at Sun Jul 26 15:49:59 UTC 2026
Triggered at Sun Jul 26 16:39:54 UTC 2026
Triggered at Sun Jul 26 17:41:31 UTC 2026
Triggered at Sun Jul 26 18:42:02 UTC 2026
Triggered at Sun Jul 26 19:53:20 UTC 2026
Triggered at Sun Jul 26 20:43:18 UTC 2026
Triggered at Sun Jul 26 21:40:17 UTC 2026
Triggered at Sun Jul 26 22:39:46 UTC 2026
Triggered at Sun Jul 26 23:39:42 UTC 2026
Triggered at Mon Jul 27 01:16:46 UTC 2026
Triggered at Mon Jul 27 04:54:52 UTC 2026
Triggered at Mon Jul 27 08:22:52 UTC 2026
Triggered at Mon Jul 27 11:46:14 UTC 2026
Triggered at Mon Jul 27 14:00:19 UTC 2026
Triggered at Mon Jul 27 16:26:13 UTC 2026
Triggered at Mon Jul 27 18:01:07 UTC 2026
Triggered at Mon Jul 27 19:46:58 UTC 2026
Triggered at Mon Jul 27 20:55:10 UTC 2026
Triggered at Mon Jul 27 21:58:26 UTC 2026
Triggered at Mon Jul 27 23:02:55 UTC 2026
Triggered at Tue Jul 28 00:08:22 UTC 2026
Triggered at Tue Jul 28 03:30:43 UTC 2026
Triggered at Tue Jul 28 06:10:32 UTC 2026
Triggered at Tue Jul 28 08:49:29 UTC 2026
Triggered at Tue Jul 28 11:05:16 UTC 2026
Triggered at Tue Jul 28 12:59:16 UTC 2026
Triggered at Tue Jul 28 15:23:24 UTC 2026
Triggered at Tue Jul 28 16:55:25 UTC 2026
Triggered at Tue Jul 28 18:07:29 UTC 2026
Triggered at Tue Jul 28 19:48:49 UTC 2026
Triggered at Tue Jul 28 20:51:28 UTC 2026
Triggered at Tue Jul 28 21:51:23 UTC 2026
Triggered at Tue Jul 28 22:45:18 UTC 2026
Triggered at Tue Jul 28 23:42:49 UTC 2026
Triggered at Wed Jul 29 01:09:15 UTC 2026
Triggered at Wed Jul 29 04:27:35 UTC 2026
Triggered at Wed Jul 29 07:18:16 UTC 2026
Triggered at Wed Jul 29 12:05:25 UTC 2026
Triggered at Wed Jul 29 14:27:39 UTC 2026
Triggered at Wed Jul 29 16:00:31 UTC 2026
Triggered at Wed Jul 29 17:21:53 UTC 2026
Triggered at Wed Jul 29 18:28:58 UTC 2026
Triggered at Wed Jul 29 19:52:51 UTC 2026
Triggered at Wed Jul 29 20:39:53 UTC 2026
Triggered at Wed Jul 29 21:33:45 UTC 2026
Triggered at Wed Jul 29 22:33:14 UTC 2026
Triggered at Wed Jul 29 23:34:57 UTC 2026
Triggered at Thu Jul 30 00:58:27 UTC 2026
Triggered at Thu Jul 30 03:57:33 UTC 2026
Triggered at Thu Jul 30 06:26:38 UTC 2026
Triggered at Thu Jul 30 09:11:55 UTC 2026
Triggered at Thu Jul 30 11:20:20 UTC 2026
Triggered at Thu Jul 30 12:56:20 UTC 2026
Triggered at Thu Jul 30 15:07:25 UTC 2026
Triggered at Thu Jul 30 16:44:26 UTC 2026
Triggered at Thu Jul 30 18:03:26 UTC 2026
Triggered at Thu Jul 30 19:45:00 UTC 2026
Triggered at Thu Jul 30 20:47:13 UTC 2026
Triggered at Thu Jul 30 21:50:55 UTC 2026
Triggered at Thu Jul 30 22:51:23 UTC 2026
Triggered at Thu Jul 30 23:46:17 UTC 2026
Triggered at Fri Jul 31 01:15:56 UTC 2026
Triggered at Fri Jul 31 04:44:49 UTC 2026
Triggered at Fri Jul 31 07:36:11 UTC 2026
Triggered at Fri Jul 31 10:11:10 UTC 2026
Triggered at Fri Jul 31 12:15:05 UTC 2026
Triggered at Fri Jul 31 14:37:22 UTC 2026
Triggered at Fri Jul 31 16:20:08 UTC 2026
Triggered at Fri Jul 31 17:57:53 UTC 2026
Triggered at Fri Jul 31 19:23:03 UTC 2026
Triggered at Fri Jul 31 20:38:46 UTC 2026
Triggered at Fri Jul 31 21:44:28 UTC 2026
Triggered at Fri Jul 31 22:43:01 UTC 2026
Triggered at Fri Jul 31 23:42:20 UTC 2026
Triggered at Sat Aug  1 01:14:23 UTC 2026
Triggered at Sat Aug  1 04:36:03 UTC 2026
Triggered at Sat Aug  1 07:08:33 UTC 2026
Triggered at Sat Aug  1 09:17:31 UTC 2026
Triggered at Sat Aug  1 10:51:33 UTC 2026
Triggered at Sat Aug  1 11:51:38 UTC 2026
Triggered at Sat Aug  1 12:43:45 UTC 2026
Triggered at Sat Aug  1 14:14:22 UTC 2026
Triggered at Sat Aug  1 15:27:21 UTC 2026
Triggered at Sat Aug  1 16:28:40 UTC 2026
Triggered at Sat Aug  1 17:31:26 UTC 2026
Triggered at Sat Aug  1 18:31:58 UTC 2026
Triggered at Sat Aug  1 19:46:27 UTC 2026
Triggered at Sat Aug  1 20:34:26 UTC 2026
Triggered at Sat Aug  1 21:29:42 UTC 2026
Triggered at Sat Aug  1 22:27:49 UTC 2026
Triggered at Sat Aug  1 23:28:24 UTC 2026
Triggered at Sun Aug  2 01:06:24 UTC 2026
Triggered at Sun Aug  2 04:33:32 UTC 2026
Triggered at Sun Aug  2 07:11:11 UTC 2026
Triggered at Sun Aug  2 09:19:47 UTC 2026
Triggered at Sun Aug  2 10:53:29 UTC 2026
Triggered at Sun Aug  2 11:51:41 UTC 2026
Triggered at Sun Aug  2 12:45:37 UTC 2026
Triggered at Sun Aug  2 14:15:58 UTC 2026
Triggered at Sun Aug  2 15:29:11 UTC 2026
Triggered at Sun Aug  2 16:29:06 UTC 2026
Triggered at Sun Aug  2 17:32:36 UTC 2026
Triggered at Sun Aug  2 18:33:35 UTC 2026
Triggered at Sun Aug  2 19:47:15 UTC 2026
Triggered at Sun Aug  2 20:37:24 UTC 2026
Triggered at Sun Aug  2 21:31:57 UTC 2026
Triggered at Sun Aug  2 22:30:40 UTC 2026
Triggered at Mon Aug  3 01:08:33 UTC 2026
Triggered at Mon Aug  3 04:44:12 UTC 2026
Triggered at Mon Aug  3 08:04:10 UTC 2026
Triggered at Mon Aug  3 11:38:16 UTC 2026
Triggered at Mon Aug  3 14:00:39 UTC 2026
Triggered at Mon Aug  3 16:31:12 UTC 2026
Triggered at Mon Aug  3 18:18:47 UTC 2026
Triggered at Mon Aug  3 20:02:10 UTC 2026
Triggered at Mon Aug  3 21:14:22 UTC 2026
Triggered at Mon Aug  3 22:18:15 UTC 2026
Triggered at Mon Aug  3 23:30:04 UTC 2026
Triggered at Tue Aug  4 01:01:02 UTC 2026
Triggered at Tue Aug  4 04:18:49 UTC 2026
Triggered at Tue Aug  4 06:44:30 UTC 2026
Triggered at Tue Aug  4 09:29:49 UTC 2026
Triggered at Tue Aug  4 11:39:53 UTC 2026
Triggered at Tue Aug  4 13:22:12 UTC 2026
Triggered at Tue Aug  4 15:40:56 UTC 2026
Triggered at Tue Aug  4 17:19:14 UTC 2026
Triggered at Tue Aug  4 18:58:20 UTC 2026
Triggered at Tue Aug  4 20:26:25 UTC 2026
Triggered at Tue Aug  4 21:45:59 UTC 2026
Triggered at Tue Aug  4 22:45:50 UTC 2026
Triggered at Tue Aug  4 23:44:49 UTC 2026
Triggered at Wed Aug  5 01:07:10 UTC 2026
Triggered at Wed Aug  5 04:24:33 UTC 2026
Triggered at Wed Aug  5 07:08:50 UTC 2026
Triggered at Wed Aug  5 09:46:00 UTC 2026
Triggered at Wed Aug  5 11:46:13 UTC 2026
Triggered at Wed Aug  5 13:24:29 UTC 2026
Triggered at Wed Aug  5 15:35:30 UTC 2026
Triggered at Wed Aug  5 17:06:31 UTC 2026
Triggered at Wed Aug  5 18:45:01 UTC 2026
Triggered at Wed Aug  5 20:15:19 UTC 2026
Triggered at Wed Aug  5 21:34:18 UTC 2026
Triggered at Wed Aug  5 22:38:20 UTC 2026
Triggered at Wed Aug  5 23:34:51 UTC 2026
Triggered at Thu Aug  6 00:58:39 UTC 2026
Triggered at Thu Aug  6 04:14:05 UTC 2026
Triggered at Thu Aug  6 06:46:33 UTC 2026
Triggered at Thu Aug  6 09:31:22 UTC 2026
Triggered at Thu Aug  6 11:48:25 UTC 2026
Triggered at Thu Aug  6 13:22:39 UTC 2026
Triggered at Thu Aug  6 15:35:48 UTC 2026
Triggered at Fri Aug  7 00:30:01 UTC 2026
Triggered at Fri Aug  7 03:31:15 UTC 2026
Triggered at Fri Aug  7 05:16:45 UTC 2026
Triggered at Fri Aug  7 06:34:33 UTC 2026
Triggered at Fri Aug  7 07:53:38 UTC 2026
Triggered at Fri Aug  7 08:44:01 UTC 2026
Triggered at Fri Aug  7 09:42:22 UTC 2026
Triggered at Fri Aug  7 10:32:55 UTC 2026
Triggered at Fri Aug  7 11:25:21 UTC 2026
Triggered at Fri Aug  7 12:06:08 UTC 2026
Triggered at Fri Aug  7 13:32:32 UTC 2026
Triggered at Fri Aug  7 14:33:54 UTC 2026
Triggered at Fri Aug  7 15:28:39 UTC 2026
Triggered at Fri Aug  7 16:24:38 UTC 2026
Triggered at Fri Aug  7 17:14:02 UTC 2026
Triggered at Fri Aug  7 18:02:25 UTC 2026
Triggered at Fri Aug  7 19:08:04 UTC 2026
Triggered at Fri Aug  7 19:56:34 UTC 2026
Triggered at Fri Aug  7 20:36:25 UTC 2026
Triggered at Fri Aug  7 21:19:44 UTC 2026
Triggered at Fri Aug  7 21:59:14 UTC 2026
Triggered at Fri Aug  7 22:39:40 UTC 2026
Triggered at Fri Aug  7 23:16:24 UTC 2026
Triggered at Fri Aug  7 23:49:39 UTC 2026
Triggered at Sat Aug  8 00:34:38 UTC 2026
Triggered at Sat Aug  8 02:31:29 UTC 2026
Triggered at Sat Aug  8 03:52:02 UTC 2026
Triggered at Sat Aug  8 04:42:45 UTC 2026
Triggered at Sat Aug  8 05:26:22 UTC 2026
Triggered at Sat Aug  8 06:04:28 UTC 2026
Triggered at Sat Aug  8 07:08:36 UTC 2026
Triggered at Sat Aug  8 07:56:34 UTC 2026
Triggered at Sat Aug  8 08:35:29 UTC 2026
Triggered at Sat Aug  8 09:19:14 UTC 2026
Triggered at Sat Aug  8 09:57:19 UTC 2026
Triggered at Sat Aug  8 10:30:43 UTC 2026
Triggered at Sat Aug  8 11:02:16 UTC 2026
Triggered at Sat Aug  8 11:36:29 UTC 2026
Triggered at Sat Aug  8 11:58:02 UTC 2026
Triggered at Sat Aug  8 12:48:03 UTC 2026
Triggered at Sat Aug  8 13:34:06 UTC 2026
Triggered at Sat Aug  8 14:09:09 UTC 2026
Triggered at Sat Aug  8 14:47:18 UTC 2026
Triggered at Sat Aug  8 15:12:39 UTC 2026
Triggered at Sat Aug  8 15:45:05 UTC 2026
Triggered at Sat Aug  8 16:04:57 UTC 2026
Triggered at Sat Aug  8 16:47:42 UTC 2026
Triggered at Sat Aug  8 17:15:05 UTC 2026
Triggered at Sat Aug  8 17:47:06 UTC 2026
Triggered at Sat Aug  8 18:13:58 UTC 2026
Triggered at Sat Aug  8 18:59:25 UTC 2026
Triggered at Sat Aug  8 19:33:16 UTC 2026
Triggered at Sat Aug  8 19:57:34 UTC 2026
Triggered at Sat Aug  8 20:27:59 UTC 2026
Triggered at Sat Aug  8 20:58:27 UTC 2026
Triggered at Sat Aug  8 21:31:01 UTC 2026
Triggered at Sat Aug  8 21:57:20 UTC 2026
Triggered at Sat Aug  8 22:27:00 UTC 2026
Triggered at Sat Aug  8 22:57:03 UTC 2026
Triggered at Sat Aug  8 23:25:20 UTC 2026
Triggered at Sat Aug  8 23:52:19 UTC 2026
Triggered at Sun Aug  9 00:37:43 UTC 2026
Triggered at Sun Aug  9 02:48:45 UTC 2026
Triggered at Sun Aug  9 04:05:04 UTC 2026
Triggered at Sun Aug  9 05:14:21 UTC 2026
Triggered at Sun Aug  9 05:58:30 UTC 2026
Triggered at Sun Aug  9 06:58:13 UTC 2026
Triggered at Sun Aug  9 07:53:53 UTC 2026
Triggered at Sun Aug  9 08:28:53 UTC 2026
Triggered at Sun Aug  9 09:11:38 UTC 2026
Triggered at Sun Aug  9 09:55:31 UTC 2026
Triggered at Sun Aug  9 10:26:01 UTC 2026
Triggered at Sun Aug  9 11:00:59 UTC 2026
Triggered at Sun Aug  9 11:37:12 UTC 2026
Triggered at Sun Aug  9 11:59:39 UTC 2026
Triggered at Sun Aug  9 13:00:03 UTC 2026
Triggered at Sun Aug  9 13:52:46 UTC 2026
Triggered at Sun Aug  9 14:21:05 UTC 2026
Triggered at Sun Aug  9 14:56:16 UTC 2026
Triggered at Sun Aug  9 15:25:38 UTC 2026
Triggered at Sun Aug  9 15:55:39 UTC 2026
Triggered at Sun Aug  9 16:26:19 UTC 2026
Triggered at Sun Aug  9 17:04:00 UTC 2026
Triggered at Sun Aug  9 17:40:10 UTC 2026
Triggered at Sun Aug  9 18:03:35 UTC 2026
Triggered at Sun Aug  9 18:54:37 UTC 2026
Triggered at Sun Aug  9 19:25:18 UTC 2026
Triggered at Sun Aug  9 19:54:28 UTC 2026
Triggered at Sun Aug  9 20:20:17 UTC 2026
Triggered at Sun Aug  9 20:56:38 UTC 2026
Triggered at Sun Aug  9 21:27:33 UTC 2026
Triggered at Sun Aug  9 21:57:45 UTC 2026
Triggered at Sun Aug  9 22:29:41 UTC 2026
Triggered at Sun Aug  9 23:00:41 UTC 2026
Triggered at Sun Aug  9 23:38:14 UTC 2026
Triggered at Mon Aug 10 00:02:33 UTC 2026
Triggered at Mon Aug 10 02:27:07 UTC 2026
Triggered at Mon Aug 10 04:11:56 UTC 2026
Triggered at Mon Aug 10 05:43:04 UTC 2026
Triggered at Mon Aug 10 06:56:21 UTC 2026
Triggered at Mon Aug 10 08:24:22 UTC 2026
Triggered at Mon Aug 10 09:54:40 UTC 2026
Triggered at Mon Aug 10 10:58:49 UTC 2026
Triggered at Mon Aug 10 11:49:00 UTC 2026
Triggered at Mon Aug 10 12:34:51 UTC 2026
Triggered at Mon Aug 10 14:01:22 UTC 2026
Triggered at Mon Aug 10 15:08:05 UTC 2026
Triggered at Mon Aug 10 16:07:24 UTC 2026
Triggered at Mon Aug 10 17:05:00 UTC 2026
Triggered at Mon Aug 10 17:57:49 UTC 2026
Triggered at Mon Aug 10 18:56:24 UTC 2026
Triggered at Mon Aug 10 19:52:30 UTC 2026
Triggered at Mon Aug 10 20:27:01 UTC 2026
Triggered at Mon Aug 10 21:11:24 UTC 2026
Triggered at Mon Aug 10 21:56:56 UTC 2026
Triggered at Mon Aug 10 22:33:46 UTC 2026
Triggered at Mon Aug 10 23:08:39 UTC 2026
Triggered at Mon Aug 10 23:48:04 UTC 2026
Triggered at Tue Aug 11 00:36:47 UTC 2026
Triggered at Tue Aug 11 02:38:08 UTC 2026
Triggered at Tue Aug 11 04:04:55 UTC 2026
Triggered at Tue Aug 11 05:17:24 UTC 2026
Triggered at Tue Aug 11 06:07:13 UTC 2026
Triggered at Tue Aug 11 07:32:07 UTC 2026
Triggered at Tue Aug 11 08:31:31 UTC 2026
Triggered at Tue Aug 11 09:33:20 UTC 2026
Triggered at Tue Aug 11 10:27:38 UTC 2026
Triggered at Tue Aug 11 11:14:12 UTC 2026
Triggered at Tue Aug 11 11:57:33 UTC 2026
Triggered at Tue Aug 11 13:00:58 UTC 2026
Triggered at Tue Aug 11 14:22:36 UTC 2026
Triggered at Tue Aug 11 15:25:51 UTC 2026
Triggered at Tue Aug 11 16:22:48 UTC 2026
Triggered at Tue Aug 11 17:23:33 UTC 2026
Triggered at Tue Aug 11 18:12:03 UTC 2026
Triggered at Tue Aug 11 19:18:58 UTC 2026
Triggered at Tue Aug 11 20:06:10 UTC 2026
Triggered at Tue Aug 11 20:58:42 UTC 2026
Triggered at Tue Aug 11 21:50:38 UTC 2026
Triggered at Tue Aug 11 22:26:53 UTC 2026
Triggered at Tue Aug 11 23:10:56 UTC 2026
Triggered at Tue Aug 11 23:57:59 UTC 2026
Triggered at Wed Aug 12 01:56:27 UTC 2026
Triggered at Wed Aug 12 04:02:54 UTC 2026
Triggered at Wed Aug 12 05:43:05 UTC 2026
Triggered at Wed Aug 12 06:58:26 UTC 2026
Triggered at Wed Aug 12 08:18:03 UTC 2026
Triggered at Wed Aug 12 09:33:37 UTC 2026
Triggered at Wed Aug 12 10:38:52 UTC 2026
Triggered at Wed Aug 12 11:27:04 UTC 2026
Triggered at Wed Aug 12 12:08:32 UTC 2026
Triggered at Wed Aug 12 13:41:22 UTC 2026
Triggered at Wed Aug 12 14:42:42 UTC 2026
Triggered at Wed Aug 12 15:38:47 UTC 2026
Triggered at Wed Aug 12 16:32:46 UTC 2026
Triggered at Wed Aug 12 17:33:08 UTC 2026
Triggered at Wed Aug 12 18:29:27 UTC 2026
Triggered at Wed Aug 12 19:38:20 UTC 2026
Triggered at Wed Aug 12 20:20:29 UTC 2026
Triggered at Wed Aug 12 21:07:47 UTC 2026
Triggered at Wed Aug 12 21:58:39 UTC 2026
Triggered at Wed Aug 12 22:42:37 UTC 2026
Triggered at Wed Aug 12 23:22:35 UTC 2026
Triggered at Thu Aug 13 00:02:39 UTC 2026
Triggered at Thu Aug 13 02:37:54 UTC 2026
Triggered at Thu Aug 13 04:28:05 UTC 2026
Triggered at Thu Aug 13 05:57:06 UTC 2026
Triggered at Thu Aug 13 07:22:50 UTC 2026
Triggered at Thu Aug 13 08:47:45 UTC 2026
Triggered at Thu Aug 13 09:48:41 UTC 2026
Triggered at Thu Aug 13 10:46:34 UTC 2026
Triggered at Thu Aug 13 11:33:30 UTC 2026
Triggered at Thu Aug 13 12:27:34 UTC 2026
Triggered at Thu Aug 13 13:56:45 UTC 2026
Triggered at Thu Aug 13 14:53:40 UTC 2026
Triggered at Thu Aug 13 15:46:55 UTC 2026
Triggered at Thu Aug 13 16:38:17 UTC 2026
Triggered at Thu Aug 13 18:32:35 UTC 2026
Triggered at Thu Aug 13 19:37:44 UTC 2026
Triggered at Thu Aug 13 20:17:07 UTC 2026
Triggered at Thu Aug 13 21:06:03 UTC 2026
Triggered at Thu Aug 13 21:57:01 UTC 2026
Triggered at Thu Aug 13 22:38:23 UTC 2026
Triggered at Thu Aug 13 23:22:27 UTC 2026
Triggered at Fri Aug 14 00:02:59 UTC 2026
Triggered at Fri Aug 14 02:36:32 UTC 2026
Triggered at Fri Aug 14 04:25:12 UTC 2026
Triggered at Fri Aug 14 05:52:36 UTC 2026
Triggered at Fri Aug 14 08:21:26 UTC 2026
Triggered at Fri Aug 14 09:30:26 UTC 2026
Triggered at Fri Aug 14 10:33:51 UTC 2026
Triggered at Fri Aug 14 11:22:20 UTC 2026
Triggered at Fri Aug 14 12:02:14 UTC 2026
Triggered at Fri Aug 14 13:24:33 UTC 2026
Triggered at Fri Aug 14 14:29:17 UTC 2026
Triggered at Fri Aug 14 15:22:25 UTC 2026
Triggered at Fri Aug 14 16:09:52 UTC 2026
Triggered at Fri Aug 14 17:08:55 UTC 2026
Triggered at Fri Aug 14 18:03:23 UTC 2026
Triggered at Fri Aug 14 19:06:45 UTC 2026
Triggered at Fri Aug 14 19:52:26 UTC 2026
Triggered at Fri Aug 14 20:17:44 UTC 2026
Triggered at Fri Aug 14 20:48:45 UTC 2026
Triggered at Fri Aug 14 21:10:15 UTC 2026
Triggered at Fri Aug 14 21:37:59 UTC 2026
Triggered at Fri Aug 14 21:55:24 UTC 2026
Triggered at Fri Aug 14 22:15:15 UTC 2026
Triggered at Fri Aug 14 22:41:57 UTC 2026
Triggered at Fri Aug 14 22:59:11 UTC 2026
Triggered at Fri Aug 14 23:24:55 UTC 2026
Triggered at Fri Aug 14 23:44:15 UTC 2026
Triggered at Sat Aug 15 00:00:04 UTC 2026
Triggered at Sat Aug 15 01:35:40 UTC 2026
Triggered at Sat Aug 15 02:36:38 UTC 2026
Triggered at Sat Aug 15 03:20:04 UTC 2026
Triggered at Sat Aug 15 03:57:35 UTC 2026
Triggered at Sat Aug 15 04:28:52 UTC 2026
Triggered at Sat Aug 15 04:57:00 UTC 2026
Triggered at Sat Aug 15 05:21:49 UTC 2026
Triggered at Sat Aug 15 05:46:15 UTC 2026
Triggered at Sat Aug 15 06:01:42 UTC 2026
Triggered at Sat Aug 15 06:52:03 UTC 2026
Triggered at Sat Aug 15 07:18:27 UTC 2026
Triggered at Sat Aug 15 08:01:55 UTC 2026
Triggered at Sat Aug 15 08:38:38 UTC 2026
Triggered at Sat Aug 15 08:59:59 UTC 2026
Triggered at Sat Aug 15 09:30:07 UTC 2026
Triggered at Sat Aug 15 09:51:01 UTC 2026
Triggered at Sat Aug 15 10:08:01 UTC 2026
Triggered at Sat Aug 15 10:35:24 UTC 2026
Triggered at Sat Aug 15 10:53:20 UTC 2026
Triggered at Sat Aug 15 11:08:22 UTC 2026
Triggered at Sat Aug 15 11:31:52 UTC 2026
Triggered at Sat Aug 15 11:48:32 UTC 2026
Triggered at Sat Aug 15 11:59:51 UTC 2026
Triggered at Sat Aug 15 12:47:12 UTC 2026
Triggered at Sat Aug 15 13:18:50 UTC 2026
Triggered at Sat Aug 15 13:46:17 UTC 2026
Triggered at Sat Aug 15 14:01:11 UTC 2026
Triggered at Sat Aug 15 14:30:43 UTC 2026
Triggered at Sat Aug 15 14:50:21 UTC 2026
Triggered at Sat Aug 15 15:01:51 UTC 2026
Triggered at Sat Aug 15 15:29:07 UTC 2026
Triggered at Sat Aug 15 15:46:54 UTC 2026
Triggered at Sat Aug 15 15:59:36 UTC 2026
Triggered at Sat Aug 15 16:51:43 UTC 2026
Triggered at Sat Aug 15 17:08:20 UTC 2026
Triggered at Sat Aug 15 17:32:12 UTC 2026
Triggered at Sat Aug 15 17:50:05 UTC 2026
Triggered at Sat Aug 15 18:00:17 UTC 2026
Triggered at Sat Aug 15 18:38:12 UTC 2026
Triggered at Sat Aug 15 19:00:15 UTC 2026
Triggered at Sat Aug 15 19:25:35 UTC 2026
Triggered at Sat Aug 15 19:42:56 UTC 2026
Triggered at Sat Aug 15 19:55:57 UTC 2026
Triggered at Sat Aug 15 20:15:45 UTC 2026
Triggered at Sat Aug 15 20:40:48 UTC 2026
Triggered at Sat Aug 15 20:58:02 UTC 2026
Triggered at Sat Aug 15 21:20:43 UTC 2026
Triggered at Sat Aug 15 21:39:52 UTC 2026
Triggered at Sat Aug 15 21:54:49 UTC 2026
Triggered at Sat Aug 15 22:11:59 UTC 2026
Triggered at Sat Aug 15 22:36:54 UTC 2026
Triggered at Sat Aug 15 22:54:06 UTC 2026
Triggered at Sat Aug 15 23:10:42 UTC 2026
Triggered at Sat Aug 15 23:33:09 UTC 2026
Triggered at Sat Aug 15 23:49:33 UTC 2026
Triggered at Sun Aug 16 00:00:48 UTC 2026
Triggered at Sun Aug 16 01:49:48 UTC 2026
Triggered at Sun Aug 16 02:48:31 UTC 2026
Triggered at Sun Aug 16 03:34:33 UTC 2026
Triggered at Sun Aug 16 04:16:49 UTC 2026
Triggered at Sun Aug 16 04:51:39 UTC 2026
Triggered at Sun Aug 16 05:14:54 UTC 2026
Triggered at Sun Aug 16 05:44:21 UTC 2026
Triggered at Sun Aug 16 06:02:03 UTC 2026
Triggered at Sun Aug 16 06:53:03 UTC 2026
Triggered at Sun Aug 16 07:20:29 UTC 2026
Triggered at Sun Aug 16 07:49:16 UTC 2026
Triggered at Sun Aug 16 08:10:30 UTC 2026
Triggered at Sun Aug 16 08:45:12 UTC 2026
Triggered at Sun Aug 16 09:04:14 UTC 2026
Triggered at Sun Aug 16 09:35:57 UTC 2026
Triggered at Sun Aug 16 09:55:00 UTC 2026
Triggered at Sun Aug 16 10:14:21 UTC 2026
Triggered at Sun Aug 16 10:41:18 UTC 2026
Triggered at Sun Aug 16 10:58:25 UTC 2026
Triggered at Sun Aug 16 11:20:28 UTC 2026
Triggered at Sun Aug 16 11:39:37 UTC 2026
Triggered at Sun Aug 16 11:54:49 UTC 2026
Triggered at Sun Aug 16 12:20:30 UTC 2026
Triggered at Sun Aug 16 13:04:46 UTC 2026
Triggered at Sun Aug 16 13:39:12 UTC 2026
Triggered at Sun Aug 16 13:57:39 UTC 2026
Triggered at Sun Aug 16 14:21:19 UTC 2026
Triggered at Sun Aug 16 14:43:30 UTC 2026
Triggered at Sun Aug 16 14:59:24 UTC 2026
Triggered at Sun Aug 16 15:24:59 UTC 2026
Triggered at Sun Aug 16 15:42:59 UTC 2026
Triggered at Sun Aug 16 15:57:26 UTC 2026
Triggered at Sun Aug 16 16:22:15 UTC 2026
Triggered at Sun Aug 16 16:45:31 UTC 2026
Triggered at Sun Aug 16 17:01:54 UTC 2026
Triggered at Sun Aug 16 17:27:01 UTC 2026
Triggered at Sun Aug 16 17:43:56 UTC 2026
Triggered at Sun Aug 16 17:56:22 UTC 2026
Triggered at Sun Aug 16 18:21:12 UTC 2026
Triggered at Sun Aug 16 18:50:51 UTC 2026
Triggered at Sun Aug 16 19:09:43 UTC 2026
Triggered at Sun Aug 16 19:30:58 UTC 2026
Triggered at Sun Aug 16 19:47:31 UTC 2026
Triggered at Sun Aug 16 19:58:32 UTC 2026
Triggered at Sun Aug 16 20:23:22 UTC 2026
Triggered at Sun Aug 16 20:43:18 UTC 2026
Triggered at Sun Aug 16 20:58:24 UTC 2026
Triggered at Sun Aug 16 21:20:41 UTC 2026
Triggered at Sun Aug 16 21:38:38 UTC 2026
Triggered at Sun Aug 16 21:53:24 UTC 2026
Triggered at Sun Aug 16 22:08:05 UTC 2026
Triggered at Sun Aug 16 22:33:32 UTC 2026
Triggered at Sun Aug 16 22:51:14 UTC 2026
Triggered at Sun Aug 16 23:01:32 UTC 2026
Triggered at Sun Aug 16 23:28:16 UTC 2026
Triggered at Sun Aug 16 23:44:18 UTC 2026
Triggered at Sun Aug 16 23:57:25 UTC 2026
Triggered at Mon Aug 17 01:09:21 UTC 2026
Triggered at Mon Aug 17 02:33:21 UTC 2026
Triggered at Mon Aug 17 03:29:07 UTC 2026
Triggered at Mon Aug 17 04:12:03 UTC 2026
Triggered at Mon Aug 17 04:57:17 UTC 2026
Triggered at Mon Aug 17 05:33:08 UTC 2026
Triggered at Mon Aug 17 06:02:39 UTC 2026
Triggered at Mon Aug 17 07:59:11 UTC 2026
Triggered at Mon Aug 17 08:46:58 UTC 2026
Triggered at Mon Aug 17 09:24:40 UTC 2026
Triggered at Mon Aug 17 10:03:02 UTC 2026
Triggered at Mon Aug 17 10:40:56 UTC 2026
Triggered at Mon Aug 17 11:01:51 UTC 2026
Triggered at Mon Aug 17 11:33:21 UTC 2026
Triggered at Mon Aug 17 11:53:34 UTC 2026
Triggered at Mon Aug 17 12:17:50 UTC 2026
Triggered at Mon Aug 17 13:10:08 UTC 2026
Triggered at Mon Aug 17 13:51:04 UTC 2026
Triggered at Mon Aug 17 14:13:21 UTC 2026
Triggered at Mon Aug 17 14:44:54 UTC 2026
